------------------------------------------------------------
Timing Analyzer Summary
------------------------------------------------------------

Type  : Slow 1100mV 85C Model Setup 'reset'
Slack : -3.485
TNS   : -17.967

Type  : Slow 1100mV 85C Model Setup 'clk'
Slack : -3.468
TNS   : -140.764

Type  : Slow 1100mV 85C Model Hold 'clk'
Slack : -0.948
TNS   : -0.948

Type  : Slow 1100mV 85C Model Hold 'reset'
Slack : 0.009
TNS   : 0.000

Type  : Slow 1100mV 85C Model Recovery 'clk'
Slack : -2.244
TNS   : -86.865

Type  : Slow 1100mV 85C Model Removal 'clk'
Slack : -0.667
TNS   : -1.989

Type  : Slow 1100mV 85C Model Minimum Pulse Width 'clk'
Slack : -0.394
TNS   : -23.197

Type  : Slow 1100mV 85C Model Minimum Pulse Width 'reset'
Slack : 0.216
TNS   : 0.000

Type  : Slow 1100mV 0C Model Setup 'clk'
Slack : -3.447
TNS   : -132.807

Type  : Slow 1100mV 0C Model Setup 'reset'
Slack : -3.441
TNS   : -18.290

Type  : Slow 1100mV 0C Model Hold 'clk'
Slack : -1.018
TNS   : -1.018

Type  : Slow 1100mV 0C Model Hold 'reset'
Slack : 0.013
TNS   : 0.000

Type  : Slow 1100mV 0C Model Recovery 'clk'
Slack : -2.014
TNS   : -76.823

Type  : Slow 1100mV 0C Model Removal 'clk'
Slack : -0.820
TNS   : -2.449

Type  : Slow 1100mV 0C Model Minimum Pulse Width 'clk'
Slack : -0.394
TNS   : -24.829

Type  : Slow 1100mV 0C Model Minimum Pulse Width 'reset'
Slack : 0.204
TNS   : 0.000

Type  : Fast 1100mV 85C Model Setup 'clk'
Slack : -2.238
TNS   : -87.542

Type  : Fast 1100mV 85C Model Setup 'reset'
Slack : -1.968
TNS   : -10.017

Type  : Fast 1100mV 85C Model Hold 'clk'
Slack : -0.629
TNS   : -0.629

Type  : Fast 1100mV 85C Model Hold 'reset'
Slack : -0.005
TNS   : -0.005

Type  : Fast 1100mV 85C Model Recovery 'clk'
Slack : -1.758
TNS   : -68.673

Type  : Fast 1100mV 85C Model Removal 'clk'
Slack : -0.457
TNS   : -1.368

Type  : Fast 1100mV 85C Model Minimum Pulse Width 'clk'
Slack : -0.092
TNS   : -3.977

Type  : Fast 1100mV 85C Model Minimum Pulse Width 'reset'
Slack : -0.019
TNS   : -0.023

Type  : Fast 1100mV 0C Model Setup 'clk'
Slack : -1.973
TNS   : -77.678

Type  : Fast 1100mV 0C Model Setup 'reset'
Slack : -1.796
TNS   : -9.296

Type  : Fast 1100mV 0C Model Hold 'clk'
Slack : -0.629
TNS   : -0.629

Type  : Fast 1100mV 0C Model Hold 'reset'
Slack : -0.004
TNS   : -0.004

Type  : Fast 1100mV 0C Model Recovery 'clk'
Slack : -1.524
TNS   : -59.515

Type  : Fast 1100mV 0C Model Removal 'clk'
Slack : -0.500
TNS   : -1.497

Type  : Fast 1100mV 0C Model Minimum Pulse Width 'clk'
Slack : -0.090
TNS   : -3.869

Type  : Fast 1100mV 0C Model Minimum Pulse Width 'reset'
Slack : -0.021
TNS   : -0.023

------------------------------------------------------------
