Analysis & Synthesis report for DisplayImage
Tue Nov 05 21:45:14 2024
Quartus Prime Version 20.1.1 Build 720 11/11/2020 SJ Lite Edition


---------------------
; Table of Contents ;
---------------------
  1. Legal Notice
  2. Analysis & Synthesis Summary
  3. Analysis & Synthesis Settings
  4. Parallel Compilation
  5. Analysis & Synthesis Source Files Read
  6. Analysis & Synthesis Resource Usage Summary
  7. Analysis & Synthesis Resource Utilization by Entity
  8. Analysis & Synthesis DSP Block Usage Summary
  9. General Register Statistics
 10. Parameter Settings for User Entity Instance: vgaController:vgaCont
 11. Parameter Settings for Inferred Entity Instance: videoGen:vgaVideoGen|lpm_divide:Div0
 12. Port Connectivity Checks: "videoGen:vgaVideoGen|ImageROM:imageROM"
 13. Post-Synthesis Netlist Statistics for Top Partition
 14. Elapsed Time Per Partition
 15. Analysis & Synthesis Messages



----------------
; Legal Notice ;
----------------
Copyright (C) 2020  Intel Corporation. All rights reserved.
Your use of Intel Corporation's design tools, logic functions 
and other software and tools, and any partner logic 
functions, and any output files from any of the foregoing 
(including device programming or simulation files), and any 
associated documentation or information are expressly subject 
to the terms and conditions of the Intel Program License 
Subscription Agreement, the Intel Quartus Prime License Agreement,
the Intel FPGA IP License Agreement, or other applicable license
agreement, including, without limitation, that your use is for
the sole purpose of programming logic devices manufactured by
Intel and sold by Intel or its authorized distributors.  Please
refer to the applicable agreement for further details, at
https://fpgasoftware.intel.com/eula.



+-------------------------------------------------------------------------------+
; Analysis & Synthesis Summary                                                  ;
+---------------------------------+---------------------------------------------+
; Analysis & Synthesis Status     ; Successful - Tue Nov 05 21:45:14 2024       ;
; Quartus Prime Version           ; 20.1.1 Build 720 11/11/2020 SJ Lite Edition ;
; Revision Name                   ; DisplayImage                                ;
; Top-level Entity Name           ; vga                                         ;
; Family                          ; Cyclone V                                   ;
; Logic utilization (in ALMs)     ; N/A                                         ;
; Total registers                 ; 21                                          ;
; Total pins                      ; 30                                          ;
; Total virtual pins              ; 0                                           ;
; Total block memory bits         ; 0                                           ;
; Total DSP Blocks                ; 1                                           ;
; Total HSSI RX PCSs              ; 0                                           ;
; Total HSSI PMA RX Deserializers ; 0                                           ;
; Total HSSI TX PCSs              ; 0                                           ;
; Total HSSI PMA TX Serializers   ; 0                                           ;
; Total PLLs                      ; 0                                           ;
; Total DLLs                      ; 0                                           ;
+---------------------------------+---------------------------------------------+


+---------------------------------------------------------------------------------------------------------------------------+
; Analysis & Synthesis Settings                                                                                             ;
+---------------------------------------------------------------------------------+--------------------+--------------------+
; Option                                                                          ; Setting            ; Default Value      ;
+---------------------------------------------------------------------------------+--------------------+--------------------+
; Device                                                                          ; 5CSXFC6D6F31C6     ;                    ;
; Top-level entity name                                                           ; vga                ; DisplayImage       ;
; Family name                                                                     ; Cyclone V          ; Cyclone V          ;
; Use smart compilation                                                           ; Off                ; Off                ;
; Enable parallel Assembler and Timing Analyzer during compilation                ; On                 ; On                 ;
; Enable compact report table                                                     ; Off                ; Off                ;
; Restructure Multiplexers                                                        ; Auto               ; Auto               ;
; MLAB Add Timing Constraints For Mixed-Port Feed-Through Mode Setting Don't Care ; Off                ; Off                ;
; Create Debugging Nodes for IP Cores                                             ; Off                ; Off                ;
; Preserve fewer node names                                                       ; On                 ; On                 ;
; Intel FPGA IP Evaluation Mode                                                   ; Enable             ; Enable             ;
; Verilog Version                                                                 ; Verilog_2001       ; Verilog_2001       ;
; VHDL Version                                                                    ; VHDL_1993          ; VHDL_1993          ;
; State Machine Processing                                                        ; Auto               ; Auto               ;
; Safe State Machine                                                              ; Off                ; Off                ;
; Extract Verilog State Machines                                                  ; On                 ; On                 ;
; Extract VHDL State Machines                                                     ; On                 ; On                 ;
; Ignore Verilog initial constructs                                               ; Off                ; Off                ;
; Iteration limit for constant Verilog loops                                      ; 5000               ; 5000               ;
; Iteration limit for non-constant Verilog loops                                  ; 250                ; 250                ;
; Add Pass-Through Logic to Inferred RAMs                                         ; On                 ; On                 ;
; Infer RAMs from Raw Logic                                                       ; On                 ; On                 ;
; Parallel Synthesis                                                              ; On                 ; On                 ;
; DSP Block Balancing                                                             ; Auto               ; Auto               ;
; NOT Gate Push-Back                                                              ; On                 ; On                 ;
; Power-Up Don't Care                                                             ; On                 ; On                 ;
; Remove Redundant Logic Cells                                                    ; Off                ; Off                ;
; Remove Duplicate Registers                                                      ; On                 ; On                 ;
; Ignore CARRY Buffers                                                            ; Off                ; Off                ;
; Ignore CASCADE Buffers                                                          ; Off                ; Off                ;
; Ignore GLOBAL Buffers                                                           ; Off                ; Off                ;
; Ignore ROW GLOBAL Buffers                                                       ; Off                ; Off                ;
; Ignore LCELL Buffers                                                            ; Off                ; Off                ;
; Ignore SOFT Buffers                                                             ; On                 ; On                 ;
; Limit AHDL Integers to 32 Bits                                                  ; Off                ; Off                ;
; Optimization Technique                                                          ; Balanced           ; Balanced           ;
; Carry Chain Length                                                              ; 70                 ; 70                 ;
; Auto Carry Chains                                                               ; On                 ; On                 ;
; Auto Open-Drain Pins                                                            ; On                 ; On                 ;
; Perform WYSIWYG Primitive Resynthesis                                           ; Off                ; Off                ;
; Auto ROM Replacement                                                            ; On                 ; On                 ;
; Auto RAM Replacement                                                            ; On                 ; On                 ;
; Auto DSP Block Replacement                                                      ; On                 ; On                 ;
; Auto Shift Register Replacement                                                 ; Auto               ; Auto               ;
; Allow Shift Register Merging across Hierarchies                                 ; Auto               ; Auto               ;
; Auto Clock Enable Replacement                                                   ; On                 ; On                 ;
; Strict RAM Replacement                                                          ; Off                ; Off                ;
; Allow Synchronous Control Signals                                               ; On                 ; On                 ;
; Force Use of Synchronous Clear Signals                                          ; Off                ; Off                ;
; Auto Resource Sharing                                                           ; Off                ; Off                ;
; Allow Any RAM Size For Recognition                                              ; Off                ; Off                ;
; Allow Any ROM Size For Recognition                                              ; Off                ; Off                ;
; Allow Any Shift Register Size For Recognition                                   ; Off                ; Off                ;
; Use LogicLock Constraints during Resource Balancing                             ; On                 ; On                 ;
; Ignore translate_off and synthesis_off directives                               ; Off                ; Off                ;
; Timing-Driven Synthesis                                                         ; On                 ; On                 ;
; Report Parameter Settings                                                       ; On                 ; On                 ;
; Report Source Assignments                                                       ; On                 ; On                 ;
; Report Connectivity Checks                                                      ; On                 ; On                 ;
; Ignore Maximum Fan-Out Assignments                                              ; Off                ; Off                ;
; Synchronization Register Chain Length                                           ; 3                  ; 3                  ;
; Power Optimization During Synthesis                                             ; Normal compilation ; Normal compilation ;
; HDL message level                                                               ; Level2             ; Level2             ;
; Suppress Register Optimization Related Messages                                 ; Off                ; Off                ;
; Number of Removed Registers Reported in Synthesis Report                        ; 5000               ; 5000               ;
; Number of Swept Nodes Reported in Synthesis Report                              ; 5000               ; 5000               ;
; Number of Inverted Registers Reported in Synthesis Report                       ; 100                ; 100                ;
; Clock MUX Protection                                                            ; On                 ; On                 ;
; Auto Gated Clock Conversion                                                     ; Off                ; Off                ;
; Block Design Naming                                                             ; Auto               ; Auto               ;
; SDC constraint protection                                                       ; Off                ; Off                ;
; Synthesis Effort                                                                ; Auto               ; Auto               ;
; Shift Register Replacement - Allow Asynchronous Clear Signal                    ; On                 ; On                 ;
; Pre-Mapping Resynthesis Optimization                                            ; Off                ; Off                ;
; Analysis & Synthesis Message Level                                              ; Medium             ; Medium             ;
; Disable Register Merging Across Hierarchies                                     ; Auto               ; Auto               ;
; Resource Aware Inference For Block RAM                                          ; On                 ; On                 ;
; Automatic Parallel Synthesis                                                    ; On                 ; On                 ;
; Partial Reconfiguration Bitstream ID                                            ; Off                ; Off                ;
+---------------------------------------------------------------------------------+--------------------+--------------------+


+------------------------------------------+
; Parallel Compilation                     ;
+----------------------------+-------------+
; Processors                 ; Number      ;
+----------------------------+-------------+
; Number detected on machine ; 4           ;
; Maximum allowed            ; 4           ;
;                            ;             ;
; Average used               ; 1.00        ;
; Maximum used               ; 4           ;
;                            ;             ;
; Usage by Processor         ; % Time Used ;
;     Processor 1            ; 100.0%      ;
;     Processor 2            ;   0.0%      ;
;     Processor 3            ;   0.0%      ;
;     Processor 4            ;   0.0%      ;
+----------------------------+-------------+


+-----------------------------------------------------------------------------------------------------------------------------------------------------------------------------+
; Analysis & Synthesis Source Files Read                                                                                                                                      ;
+----------------------------------+-----------------+------------------------------+-------------------------------------------------------------------------------+---------+
; File Name with User-Entered Path ; Used in Netlist ; File Type                    ; File Name with Absolute Path                                                  ; Library ;
+----------------------------------+-----------------+------------------------------+-------------------------------------------------------------------------------+---------+
; image_data.mem                   ; yes             ; User Unspecified File        ; D:/TEC/2Semestre2024/TallerDD/Proyecto/PruebaVideo/image_data.mem             ;         ;
; videoGen.sv                      ; yes             ; User SystemVerilog HDL File  ; D:/TEC/2Semestre2024/TallerDD/Proyecto/PruebaVideo/videoGen.sv                ;         ;
; vgaController.sv                 ; yes             ; User SystemVerilog HDL File  ; D:/TEC/2Semestre2024/TallerDD/Proyecto/PruebaVideo/vgaController.sv           ;         ;
; vga.sv                           ; yes             ; User SystemVerilog HDL File  ; D:/TEC/2Semestre2024/TallerDD/Proyecto/PruebaVideo/vga.sv                     ;         ;
; pll.sv                           ; yes             ; User SystemVerilog HDL File  ; D:/TEC/2Semestre2024/TallerDD/Proyecto/PruebaVideo/pll.sv                     ;         ;
; ImageROM.sv                      ; yes             ; User SystemVerilog HDL File  ; D:/TEC/2Semestre2024/TallerDD/Proyecto/PruebaVideo/ImageROM.sv                ;         ;
; lpm_divide.tdf                   ; yes             ; Megafunction                 ; c:/intelfpga_lite/20.1/quartus/libraries/megafunctions/lpm_divide.tdf         ;         ;
; abs_divider.inc                  ; yes             ; Megafunction                 ; c:/intelfpga_lite/20.1/quartus/libraries/megafunctions/abs_divider.inc        ;         ;
; sign_div_unsign.inc              ; yes             ; Megafunction                 ; c:/intelfpga_lite/20.1/quartus/libraries/megafunctions/sign_div_unsign.inc    ;         ;
; aglobal201.inc                   ; yes             ; Megafunction                 ; c:/intelfpga_lite/20.1/quartus/libraries/megafunctions/aglobal201.inc         ;         ;
; db/lpm_divide_gbm.tdf            ; yes             ; Auto-Generated Megafunction  ; D:/TEC/2Semestre2024/TallerDD/Proyecto/PruebaVideo/db/lpm_divide_gbm.tdf      ;         ;
; db/sign_div_unsign_mlh.tdf       ; yes             ; Auto-Generated Megafunction  ; D:/TEC/2Semestre2024/TallerDD/Proyecto/PruebaVideo/db/sign_div_unsign_mlh.tdf ;         ;
; db/alt_u_div_ive.tdf             ; yes             ; Auto-Generated Megafunction  ; D:/TEC/2Semestre2024/TallerDD/Proyecto/PruebaVideo/db/alt_u_div_ive.tdf       ;         ;
+----------------------------------+-----------------+------------------------------+-------------------------------------------------------------------------------+---------+


+----------------------------------------------------------------------------+
; Analysis & Synthesis Resource Usage Summary                                ;
+---------------------------------------------+------------------------------+
; Resource                                    ; Usage                        ;
+---------------------------------------------+------------------------------+
; Estimate of Logic utilization (ALMs needed) ; 4338                         ;
;                                             ;                              ;
; Combinational ALUT usage for logic          ; 5111                         ;
;     -- 7 input functions                    ; 701                          ;
;     -- 6 input functions                    ; 2863                         ;
;     -- 5 input functions                    ; 636                          ;
;     -- 4 input functions                    ; 602                          ;
;     -- <=3 input functions                  ; 309                          ;
;                                             ;                              ;
; Dedicated logic registers                   ; 21                           ;
;                                             ;                              ;
; I/O pins                                    ; 30                           ;
;                                             ;                              ;
; Total DSP Blocks                            ; 1                            ;
;                                             ;                              ;
; Maximum fan-out node                        ; videoGen:vgaVideoGen|Add0~29 ;
; Maximum fan-out                             ; 2889                         ;
; Total fan-out                               ; 28607                        ;
; Average fan-out                             ; 5.51                         ;
+---------------------------------------------+------------------------------+


+---------------------------------------------------------------------------------------------------------------------------------------------------------------------------------------------------------------------------------------------------------------------------------------------------------------------+
; Analysis & Synthesis Resource Utilization by Entity                                                                                                                                                                                                                                                                 ;
+-------------------------------------------+---------------------+---------------------------+-------------------+------------+------+--------------+---------------------------------------------------------------------------------------------------------------------------+---------------------+--------------+
; Compilation Hierarchy Node                ; Combinational ALUTs ; Dedicated Logic Registers ; Block Memory Bits ; DSP Blocks ; Pins ; Virtual Pins ; Full Hierarchy Name                                                                                                       ; Entity Name         ; Library Name ;
+-------------------------------------------+---------------------+---------------------------+-------------------+------------+------+--------------+---------------------------------------------------------------------------------------------------------------------------+---------------------+--------------+
; |vga                                      ; 5111 (0)            ; 21 (0)                    ; 0                 ; 1          ; 30   ; 0            ; |vga                                                                                                                      ; vga                 ; work         ;
;    |pll:vgapll|                           ; 1 (1)               ; 1 (1)                     ; 0                 ; 0          ; 0    ; 0            ; |vga|pll:vgapll                                                                                                           ; pll                 ; work         ;
;    |vgaController:vgaCont|                ; 29 (29)             ; 20 (20)                   ; 0                 ; 0          ; 0    ; 0            ; |vga|vgaController:vgaCont                                                                                                ; vgaController       ; work         ;
;    |videoGen:vgaVideoGen|                 ; 5081 (88)           ; 0 (0)                     ; 0                 ; 1          ; 0    ; 0            ; |vga|videoGen:vgaVideoGen                                                                                                 ; videoGen            ; work         ;
;       |ImageROM:imageROM|                 ; 4944 (4944)         ; 0 (0)                     ; 0                 ; 0          ; 0    ; 0            ; |vga|videoGen:vgaVideoGen|ImageROM:imageROM                                                                               ; ImageROM            ; work         ;
;       |lpm_divide:Div0|                   ; 49 (0)              ; 0 (0)                     ; 0                 ; 0          ; 0    ; 0            ; |vga|videoGen:vgaVideoGen|lpm_divide:Div0                                                                                 ; lpm_divide          ; work         ;
;          |lpm_divide_gbm:auto_generated|  ; 49 (0)              ; 0 (0)                     ; 0                 ; 0          ; 0    ; 0            ; |vga|videoGen:vgaVideoGen|lpm_divide:Div0|lpm_divide_gbm:auto_generated                                                   ; lpm_divide_gbm      ; work         ;
;             |sign_div_unsign_mlh:divider| ; 49 (0)              ; 0 (0)                     ; 0                 ; 0          ; 0    ; 0            ; |vga|videoGen:vgaVideoGen|lpm_divide:Div0|lpm_divide_gbm:auto_generated|sign_div_unsign_mlh:divider                       ; sign_div_unsign_mlh ; work         ;
;                |alt_u_div_ive:divider|    ; 49 (49)             ; 0 (0)                     ; 0                 ; 0          ; 0    ; 0            ; |vga|videoGen:vgaVideoGen|lpm_divide:Div0|lpm_divide_gbm:auto_generated|sign_div_unsign_mlh:divider|alt_u_div_ive:divider ; alt_u_div_ive       ; work         ;
+-------------------------------------------+---------------------+---------------------------+-------------------+------------+------+--------------+---------------------------------------------------------------------------------------------------------------------------+---------------------+--------------+
Note: For table entries with two numbers listed, the numbers in parentheses indicate the number of resources of the given type used by the specific entity alone. The numbers listed outside of parentheses indicate the total resources of the given type used by the specific entity and all of its sub-entities in the hierarchy.


+-----------------------------------------------+
; Analysis & Synthesis DSP Block Usage Summary  ;
+---------------------------------+-------------+
; Statistic                       ; Number Used ;
+---------------------------------+-------------+
; Independent 9x9                 ; 1           ;
; Total number of DSP blocks      ; 1           ;
;                                 ;             ;
; Fixed Point Unsigned Multiplier ; 1           ;
+---------------------------------+-------------+


+------------------------------------------------------+
; General Register Statistics                          ;
+----------------------------------------------+-------+
; Statistic                                    ; Value ;
+----------------------------------------------+-------+
; Total registers                              ; 21    ;
; Number of registers using Synchronous Clear  ; 20    ;
; Number of registers using Synchronous Load   ; 0     ;
; Number of registers using Asynchronous Clear ; 0     ;
; Number of registers using Asynchronous Load  ; 0     ;
; Number of registers using Clock Enable       ; 10    ;
; Number of registers using Preset             ; 0     ;
+----------------------------------------------+-------+


+--------------------------------------------------------------------+
; Parameter Settings for User Entity Instance: vgaController:vgaCont ;
+----------------+------------+--------------------------------------+
; Parameter Name ; Value      ; Type                                 ;
+----------------+------------+--------------------------------------+
; HACTIVE        ; 1010000000 ; Unsigned Binary                      ;
; HFP            ; 0000010000 ; Unsigned Binary                      ;
; HSYN           ; 0001100000 ; Unsigned Binary                      ;
; HBP            ; 0000110000 ; Unsigned Binary                      ;
; HMAX           ; 1100100000 ; Unsigned Binary                      ;
; VBP            ; 0000100001 ; Unsigned Binary                      ;
; VACTIVE        ; 0111100000 ; Unsigned Binary                      ;
; VFP            ; 0000001010 ; Unsigned Binary                      ;
; VSYN           ; 0000000010 ; Unsigned Binary                      ;
; VMAX           ; 1000001101 ; Unsigned Binary                      ;
+----------------+------------+--------------------------------------+
Note: In order to hide this table in the UI and the text report file, please set the "Show Parameter Settings in Synthesis Report" option in "Analysis and Synthesis Settings -> More Settings" to "Off".


+---------------------------------------------------------------------------------------+
; Parameter Settings for Inferred Entity Instance: videoGen:vgaVideoGen|lpm_divide:Div0 ;
+------------------------+----------------+---------------------------------------------+
; Parameter Name         ; Value          ; Type                                        ;
+------------------------+----------------+---------------------------------------------+
; LPM_WIDTHN             ; 32             ; Untyped                                     ;
; LPM_WIDTHD             ; 2              ; Untyped                                     ;
; LPM_NREPRESENTATION    ; UNSIGNED       ; Untyped                                     ;
; LPM_DREPRESENTATION    ; UNSIGNED       ; Untyped                                     ;
; LPM_PIPELINE           ; 0              ; Untyped                                     ;
; LPM_REMAINDERPOSITIVE  ; TRUE           ; Untyped                                     ;
; MAXIMIZE_SPEED         ; 5              ; Untyped                                     ;
; CBXI_PARAMETER         ; lpm_divide_gbm ; Untyped                                     ;
; CARRY_CHAIN            ; MANUAL         ; Untyped                                     ;
; OPTIMIZE_FOR_SPEED     ; 5              ; Untyped                                     ;
; AUTO_CARRY_CHAINS      ; ON             ; AUTO_CARRY                                  ;
; IGNORE_CARRY_BUFFERS   ; OFF            ; IGNORE_CARRY                                ;
; AUTO_CASCADE_CHAINS    ; ON             ; AUTO_CASCADE                                ;
; IGNORE_CASCADE_BUFFERS ; OFF            ; IGNORE_CASCADE                              ;
+------------------------+----------------+---------------------------------------------+
Note: In order to hide this table in the UI and the text report file, please set the "Show Parameter Settings in Synthesis Report" option in "Analysis and Synthesis Settings -> More Settings" to "Off".


+------------------------------------------------------------------------------------------------------------------------------------------------------------------------------------------------------------------+
; Port Connectivity Checks: "videoGen:vgaVideoGen|ImageROM:imageROM"                                                                                                                                               ;
+---------+-------+----------+-------------------------------------------------------------------------------------------------------------------------------------------------------------------------------------+
; Port    ; Type  ; Severity ; Details                                                                                                                                                                             ;
+---------+-------+----------+-------------------------------------------------------------------------------------------------------------------------------------------------------------------------------------+
; address ; Input ; Warning  ; Input port expression (32 bits) is wider than the input port (16 bits) it drives.  The 16 most-significant bit(s) in the expression will be dangling if they have no other fanouts. ;
+---------+-------+----------+-------------------------------------------------------------------------------------------------------------------------------------------------------------------------------------+


+-----------------------------------------------------+
; Post-Synthesis Netlist Statistics for Top Partition ;
+-----------------------+-----------------------------+
; Type                  ; Count                       ;
+-----------------------+-----------------------------+
; arriav_ff             ; 21                          ;
;     ENA SCLR          ; 10                          ;
;     SCLR              ; 10                          ;
;     plain             ; 1                           ;
; arriav_lcell_comb     ; 5112                        ;
;     arith             ; 85                          ;
;         0 data inputs ; 9                           ;
;         1 data inputs ; 51                          ;
;         2 data inputs ; 1                           ;
;         3 data inputs ; 8                           ;
;         4 data inputs ; 7                           ;
;         5 data inputs ; 9                           ;
;     extend            ; 701                         ;
;         7 data inputs ; 701                         ;
;     normal            ; 4326                        ;
;         1 data inputs ; 2                           ;
;         2 data inputs ; 72                          ;
;         3 data inputs ; 167                         ;
;         4 data inputs ; 595                         ;
;         5 data inputs ; 627                         ;
;         6 data inputs ; 2863                        ;
; arriav_mac            ; 1                           ;
; boundary_port         ; 30                          ;
;                       ;                             ;
; Max LUT depth         ; 23.40                       ;
; Average LUT depth     ; 20.85                       ;
+-----------------------+-----------------------------+


+-------------------------------+
; Elapsed Time Per Partition    ;
+----------------+--------------+
; Partition Name ; Elapsed Time ;
+----------------+--------------+
; Top            ; 00:01:24     ;
+----------------+--------------+


+-------------------------------+
; Analysis & Synthesis Messages ;
+-------------------------------+
Info: *******************************************************************
Info: Running Quartus Prime Analysis & Synthesis
    Info: Version 20.1.1 Build 720 11/11/2020 SJ Lite Edition
    Info: Processing started: Tue Nov 05 21:43:42 2024
Info: Command: quartus_map --read_settings_files=on --write_settings_files=off DisplayImage -c DisplayImage
Warning (18236): Number of processors has not been specified which may cause overloading on shared machines.  Set the global assignment NUM_PARALLEL_PROCESSORS in your QSF to an appropriate value for best performance.
Info (20030): Parallel compilation is enabled and will use 4 of the 4 processors detected
Info (12021): Found 1 design units, including 1 entities, in source file videogen.sv
    Info (12023): Found entity 1: videoGen File: D:/TEC/2Semestre2024/TallerDD/Proyecto/PruebaVideo/videoGen.sv Line: 1
Info (12021): Found 1 design units, including 1 entities, in source file vgacontroller.sv
    Info (12023): Found entity 1: vgaController File: D:/TEC/2Semestre2024/TallerDD/Proyecto/PruebaVideo/vgaController.sv Line: 1
Info (12021): Found 1 design units, including 1 entities, in source file vga.sv
    Info (12023): Found entity 1: vga File: D:/TEC/2Semestre2024/TallerDD/Proyecto/PruebaVideo/vga.sv Line: 1
Info (12021): Found 1 design units, including 1 entities, in source file pll.sv
    Info (12023): Found entity 1: pll File: D:/TEC/2Semestre2024/TallerDD/Proyecto/PruebaVideo/pll.sv Line: 1
Info (12021): Found 1 design units, including 1 entities, in source file imagerom.sv
    Info (12023): Found entity 1: ImageROM File: D:/TEC/2Semestre2024/TallerDD/Proyecto/PruebaVideo/ImageROM.sv Line: 1
Info (12127): Elaborating entity "vga" for the top level hierarchy
Info (12128): Elaborating entity "pll" for hierarchy "pll:vgapll" File: D:/TEC/2Semestre2024/TallerDD/Proyecto/PruebaVideo/vga.sv Line: 12
Info (12128): Elaborating entity "vgaController" for hierarchy "vgaController:vgaCont" File: D:/TEC/2Semestre2024/TallerDD/Proyecto/PruebaVideo/vga.sv Line: 22
Info (12128): Elaborating entity "videoGen" for hierarchy "videoGen:vgaVideoGen" File: D:/TEC/2Semestre2024/TallerDD/Proyecto/PruebaVideo/vga.sv Line: 30
Warning (10230): Verilog HDL assignment warning at videoGen.sv(19): truncated value with size 32 to match size of target (9) File: D:/TEC/2Semestre2024/TallerDD/Proyecto/PruebaVideo/videoGen.sv Line: 19
Warning (10230): Verilog HDL assignment warning at videoGen.sv(20): truncated value with size 32 to match size of target (9) File: D:/TEC/2Semestre2024/TallerDD/Proyecto/PruebaVideo/videoGen.sv Line: 20
Info (12128): Elaborating entity "ImageROM" for hierarchy "videoGen:vgaVideoGen|ImageROM:imageROM" File: D:/TEC/2Semestre2024/TallerDD/Proyecto/PruebaVideo/videoGen.sv Line: 12
Warning (10030): Net "image_data.data_a" at ImageROM.sv(7) has no driver or initial value, using a default initial value '0' File: D:/TEC/2Semestre2024/TallerDD/Proyecto/PruebaVideo/ImageROM.sv Line: 7
Warning (10030): Net "image_data.waddr_a" at ImageROM.sv(7) has no driver or initial value, using a default initial value '0' File: D:/TEC/2Semestre2024/TallerDD/Proyecto/PruebaVideo/ImageROM.sv Line: 7
Warning (10030): Net "image_data.we_a" at ImageROM.sv(7) has no driver or initial value, using a default initial value '0' File: D:/TEC/2Semestre2024/TallerDD/Proyecto/PruebaVideo/ImageROM.sv Line: 7
Info (276014): Found 1 instances of uninferred RAM logic
    Info (276007): RAM logic "videoGen:vgaVideoGen|ImageROM:imageROM|image_data" is uninferred due to asynchronous read logic File: D:/TEC/2Semestre2024/TallerDD/Proyecto/PruebaVideo/ImageROM.sv Line: 7
Critical Warning (127005): Memory depth (65536) in the design file differs from memory depth (40000) in the Memory Initialization File "D:/TEC/2Semestre2024/TallerDD/Proyecto/PruebaVideo/db/DisplayImage.ram0_ImageROM_7bb682d5.hdl.mif" -- setting initial value for remaining addresses to 0
Info (278001): Inferred 1 megafunctions from design logic
    Info (278004): Inferred divider/modulo megafunction ("lpm_divide") from the following logic: "videoGen:vgaVideoGen|Div0" File: D:/TEC/2Semestre2024/TallerDD/Proyecto/PruebaVideo/videoGen.sv Line: 19
Info (12130): Elaborated megafunction instantiation "videoGen:vgaVideoGen|lpm_divide:Div0" File: D:/TEC/2Semestre2024/TallerDD/Proyecto/PruebaVideo/videoGen.sv Line: 19
Info (12133): Instantiated megafunction "videoGen:vgaVideoGen|lpm_divide:Div0" with the following parameter: File: D:/TEC/2Semestre2024/TallerDD/Proyecto/PruebaVideo/videoGen.sv Line: 19
    Info (12134): Parameter "LPM_WIDTHN" = "32"
    Info (12134): Parameter "LPM_WIDTHD" = "2"
    Info (12134): Parameter "LPM_NREPRESENTATION" = "UNSIGNED"
    Info (12134): Parameter "LPM_DREPRESENTATION" = "UNSIGNED"
Info (12021): Found 1 design units, including 1 entities, in source file db/lpm_divide_gbm.tdf
    Info (12023): Found entity 1: lpm_divide_gbm File: D:/TEC/2Semestre2024/TallerDD/Proyecto/PruebaVideo/db/lpm_divide_gbm.tdf Line: 25
Info (12021): Found 1 design units, including 1 entities, in source file db/sign_div_unsign_mlh.tdf
    Info (12023): Found entity 1: sign_div_unsign_mlh File: D:/TEC/2Semestre2024/TallerDD/Proyecto/PruebaVideo/db/sign_div_unsign_mlh.tdf Line: 25
Info (12021): Found 1 design units, including 1 entities, in source file db/alt_u_div_ive.tdf
    Info (12023): Found entity 1: alt_u_div_ive File: D:/TEC/2Semestre2024/TallerDD/Proyecto/PruebaVideo/db/alt_u_div_ive.tdf Line: 23
Warning (12241): 1 hierarchies have connectivity warnings - see the Connectivity Checks report folder
Info (286030): Timing-Driven Synthesis is running
Info (16010): Generating hard_block partition "hard_block:auto_generated_inst"
    Info (16011): Adding 0 node(s), including 0 DDIO, 0 PLL, 0 transceiver and 0 LCELL
Info (21057): Implemented 5162 device resources after synthesis - the final resource count might be different
    Info (21058): Implemented 1 input pins
    Info (21059): Implemented 29 output pins
    Info (21061): Implemented 5131 logic cells
    Info (21062): Implemented 1 DSP elements
Info: Quartus Prime Analysis & Synthesis was successful. 0 errors, 8 warnings
    Info: Peak virtual memory: 4975 megabytes
    Info: Processing ended: Tue Nov 05 21:45:14 2024
    Info: Elapsed time: 00:01:32
    Info: Total CPU time (on all processors): 00:01:40


