------------------------------------------------------------
Timing Analyzer Summary
------------------------------------------------------------

Type  : Slow 1100mV 85C Model Setup 'pll:vgapll|toggle'
Slack : -3.124
TNS   : -66.044

Type  : Slow 1100mV 85C Model Setup 'clk'
Slack : -2.771
TNS   : -2.771

Type  : Slow 1100mV 85C Model Hold 'pll:vgapll|toggle'
Slack : 0.732
TNS   : 0.000

Type  : Slow 1100mV 85C Model Hold 'clk'
Slack : 0.894
TNS   : 0.000

Type  : Slow 1100mV 85C Model Minimum Pulse Width 'clk'
Slack : -0.427
TNS   : -0.821

Type  : Slow 1100mV 85C Model Minimum Pulse Width 'pll:vgapll|toggle'
Slack : -0.394
TNS   : -11.491

Type  : Slow 1100mV 0C Model Setup 'pll:vgapll|toggle'
Slack : -3.155
TNS   : -67.065

Type  : Slow 1100mV 0C Model Setup 'clk'
Slack : -2.616
TNS   : -2.616

Type  : Slow 1100mV 0C Model Hold 'pll:vgapll|toggle'
Slack : 0.728
TNS   : 0.000

Type  : Slow 1100mV 0C Model Hold 'clk'
Slack : 0.829
TNS   : 0.000

Type  : Slow 1100mV 0C Model Minimum Pulse Width 'clk'
Slack : -0.412
TNS   : -0.806

Type  : Slow 1100mV 0C Model Minimum Pulse Width 'pll:vgapll|toggle'
Slack : -0.394
TNS   : -11.345

Type  : Fast 1100mV 85C Model Setup 'clk'
Slack : -2.168
TNS   : -2.168

Type  : Fast 1100mV 85C Model Setup 'pll:vgapll|toggle'
Slack : -1.348
TNS   : -29.085

Type  : Fast 1100mV 85C Model Hold 'pll:vgapll|toggle'
Slack : 0.375
TNS   : 0.000

Type  : Fast 1100mV 85C Model Hold 'clk'
Slack : 0.896
TNS   : 0.000

Type  : Fast 1100mV 85C Model Minimum Pulse Width 'clk'
Slack : -0.417
TNS   : -0.483

Type  : Fast 1100mV 85C Model Minimum Pulse Width 'pll:vgapll|toggle'
Slack : 0.116
TNS   : 0.000

Type  : Fast 1100mV 0C Model Setup 'clk'
Slack : -1.777
TNS   : -1.777

Type  : Fast 1100mV 0C Model Setup 'pll:vgapll|toggle'
Slack : -1.238
TNS   : -26.750

Type  : Fast 1100mV 0C Model Hold 'pll:vgapll|toggle'
Slack : 0.344
TNS   : 0.000

Type  : Fast 1100mV 0C Model Hold 'clk'
Slack : 0.637
TNS   : 0.000

Type  : Fast 1100mV 0C Model Minimum Pulse Width 'clk'
Slack : -0.398
TNS   : -0.455

Type  : Fast 1100mV 0C Model Minimum Pulse Width 'pll:vgapll|toggle'
Slack : 0.125
TNS   : 0.000

------------------------------------------------------------
